> Task :list:compileJava UP-TO-DATE
> Task :list:processResources NO-SOURCE
> Task :list:classes UP-TO-DATE
> Task :list:jar UP-TO-DATE
> Task :utilities:compileJava UP-TO-DATE
> Task :utilities:processResources NO-SOURCE
> Task :utilities:classes UP-TO-DATE
> Task :utilities:jar UP-TO-DATE
> Task :application:compileJava UP-TO-DATE
> Task :application:processResources NO-SOURCE
> Task :application:classes UP-TO-DATE

> Task :application:run
Hello, World!

BUILD SUCCESSFUL in 0s
6 actionable tasks: 1 executed, 5 up-to-date
