> Task :compileJava NO-SOURCE
> Task :processResources NO-SOURCE
> Task :classes UP-TO-DATE
> Task :compileTestJava NO-SOURCE
> Task :processTestResources NO-SOURCE
> Task :testClasses UP-TO-DATE
> Task :test NO-SOURCE
> Task :list:compileJava
> Task :utilities:compileJava
> Task :application:compileJava
> Task :application:processResources NO-SOURCE
> Task :application:classes
> Task :application:compileTestJava
> Task :application:processTestResources NO-SOURCE
> Task :application:testClasses
> Task :list:processResources NO-SOURCE
> Task :list:classes
> Task :list:jar
> Task :utilities:processResources NO-SOURCE
> Task :utilities:classes
> Task :utilities:jar
> Task :application:test
> Task :list:compileTestJava
> Task :list:processTestResources NO-SOURCE
> Task :list:testClasses
> Task :list:test
> Task :utilities:compileTestJava NO-SOURCE
> Task :utilities:processTestResources NO-SOURCE
> Task :utilities:testClasses UP-TO-DATE
> Task :utilities:test NO-SOURCE
> Task :codeCoverageReport

BUILD SUCCESSFUL in 0s
10 actionable tasks: 10 executed
